
Preconditioner for 1-D Laplacian, n=10

With default shift
Vec Object: 1 MPI processes
  type: seq
0.5
0.5
0.5
0.5
0.5
0.5
0.5
0.5
0.5
0.5
With shift=0.1
Vec Object: 1 MPI processes
  type: seq
0.526316
0.526316
0.526316
0.526316
0.526316
0.526316
0.526316
0.526316
0.526316
0.526316
With user-provided matrix
Vec Object: 1 MPI processes
  type: seq
0.5
0.5
0.5
0.5
0.5
0.5
0.5
0.5
0.5
0.5
