
Testing VecScatterCreateToZero
Vec Object: y 1 MPI processes
0.
1.
2.
3.
4.
5.
6.
7.
8.
9.
Vec Object: y 1 MPI processes
0.
2.
4.
6.
8.
10.
12.
14.
16.
18.
Vec Object: x 2 MPI processes
Process [0]
0.
2.
4.
6.
8.
Process [1]
10.
12.
14.
16.
18.
Vec Object: x 2 MPI processes
Process [0]
0.
4.
8.
12.
16.
Process [1]
10.
12.
14.
16.
18.

Testing VecScatterCreateToAll
Vec Object: y 1 MPI processes
0.
1.
2.
3.
4.
5.
6.
7.
8.
9.
Vec Object: y 1 MPI processes
0.
2.
4.
6.
8.
10.
12.
14.
16.
18.
Vec Object: x 2 MPI processes
Process [0]
0.
2.
4.
6.
8.
Process [1]
10.
12.
14.
16.
18.
Vec Object: x 2 MPI processes
Process [0]
0.
6.
12.
18.
24.
Process [1]
30.
36.
42.
48.
54.
