DM Object: Mesh 1 MPI processes
  type: plex
Mesh in 3 dimensions:
  0-cells: 8
  1-cells: 19
  2-cells: 18
  3-cells: 6
Labels:
  celltype: 4 strata with value/size (0 (8), 6 (6), 3 (18), 1 (19))
  depth: 4 strata with value/size (0 (8), 1 (19), 2 (18), 3 (6))
DM Object: Particles 1 MPI processes
  type: swarm
DMSwarmDataBucketView: 
  L                  = 6 
  buffer             = 0 
  allocated          = 6 
  nfields registered = 5 
                            blocksize        = 1 
                            blocksize        = 1 
                            blocksize        = 3 
                            blocksize        = 1 
                            blocksize        = 1 
L2 projection mass:     8.9443850706e+00, x-momentum:     4.5047475717e+00, energy:     7.6123517813e+00.
L2 projection mass:     8.9443850706e+00, x-momentum:     4.5047475717e+00, energy:     7.6123517813e+00.
L2 projection mass:     8.9443850706e+00, x-momentum:     4.5047475717e+00, energy:     7.6123517813e+00.
