DM Object: Mesh 1 MPI processes
  type: plex
Mesh in 2 dimensions:
  0-cells: 9
  1-cells: 16
  2-cells: 8
Labels:
  celltype: 3 strata with value/size (0 (9), 3 (8), 1 (16))
  depth: 3 strata with value/size (0 (9), 1 (16), 2 (8))
  Face Sets: 1 strata with value/size (1 (8))
DM Object: Particles 1 MPI processes
  type: swarm
DMSwarmDataBucketView: 
  L                  = 8 
  buffer             = 0 
  allocated          = 8 
  nfields registered = 5 
                            blocksize        = 1 
                            blocksize        = 1 
                            blocksize        = 2 
                            blocksize        = 1 
                            blocksize        = 1 
L2 projection mass:     8.0000000000e+00, x-momentum:     4.6111111111e+00, energy:     6.3333333333e+00.
L2 projection mass:     8.0000000000e+00, x-momentum:     4.6111111111e+00, energy:     6.3333333333e+00.
L2 projection mass:     8.0000000000e+00, x-momentum:     4.6111111111e+00, energy:     6.3333333333e+00.
