Vec Object: 1 MPI processes
  type: seq
0.735759
2.26945
Conservation error 0.00520677
