At t =  0.000000e+00 u =   1.000000e+00    1.000000e+00    1.000000e+00 
At t =  0.000000e+00 errors =   0.000000e+00    0.000000e+00    0.000000e+00 
At t =  1.000000e-03 u =   1.003000e+00    1.004000e+00    1.003000e+00 
At t =  1.000000e-03 errors =  -5.005672e-06   -7.008007e-06   -5.005672e-06 
At t =  2.000000e-03 u =   1.006010e+00    1.008014e+00    1.006010e+00 
At t =  2.000000e-03 errors =  -1.004541e-05   -1.406411e-05   -1.004541e-05 
At t =  3.000000e-03 u =   1.009030e+00    1.012042e+00    1.009030e+00 
At t =  3.000000e-03 errors =  -1.511939e-05   -2.116855e-05   -1.511939e-05 
At t =  4.000000e-03 u =   1.012060e+00    1.016084e+00    1.012060e+00 
At t =  4.000000e-03 errors =  -2.022779e-05   -2.832159e-05   -2.022779e-05 
At t =  5.000000e-03 u =   1.015100e+00    1.020140e+00    1.015100e+00 
At t =  5.000000e-03 errors =  -2.537078e-05   -3.552346e-05   -2.537078e-05 
At t =  6.000000e-03 u =   1.018151e+00    1.024211e+00    1.018151e+00 
At t =  6.000000e-03 errors =  -3.054855e-05   -4.277443e-05   -3.054855e-05 
At t =  7.000000e-03 u =   1.021211e+00    1.028296e+00    1.021211e+00 
At t =  7.000000e-03 errors =  -3.576126e-05   -5.007473e-05   -3.576126e-05 
At t =  8.000000e-03 u =   1.024282e+00    1.032395e+00    1.024282e+00 
At t =  8.000000e-03 errors =  -4.100910e-05   -5.742463e-05   -4.100910e-05 
At t =  9.000000e-03 u =   1.027363e+00    1.036508e+00    1.027363e+00 
At t =  9.000000e-03 errors =  -4.629224e-05   -6.482438e-05   -4.629224e-05 
At t =  1.000000e-02 u =   1.030454e+00    1.040636e+00    1.030454e+00 
At t =  1.000000e-02 errors =  -5.161087e-05   -7.227422e-05   -5.161087e-05 
At t =  1.100000e-02 u =   1.033556e+00    1.044778e+00    1.033556e+00 
At t =  1.100000e-02 errors =  -5.696517e-05   -7.977442e-05   -5.696517e-05 
At t =  1.200000e-02 u =   1.036668e+00    1.048935e+00    1.036668e+00 
At t =  1.200000e-02 errors =  -6.235532e-05   -8.732524e-05   -6.235532e-05 
At t =  1.300000e-02 u =   1.039790e+00    1.053106e+00    1.039790e+00 
At t =  1.300000e-02 errors =  -6.778149e-05   -9.492693e-05   -6.778149e-05 
At t =  1.400000e-02 u =   1.042922e+00    1.057292e+00    1.042922e+00 
At t =  1.400000e-02 errors =  -7.324389e-05   -1.025797e-04   -7.324389e-05 
At t =  1.500000e-02 u =   1.046066e+00    1.061492e+00    1.046066e+00 
At t =  1.500000e-02 errors =  -7.874268e-05   -1.102840e-04   -7.874268e-05 
At t =  1.600000e-02 u =   1.049219e+00    1.065707e+00    1.049219e+00 
At t =  1.600000e-02 errors =  -8.427806e-05   -1.180398e-04   -8.427806e-05 
At t =  1.700000e-02 u =   1.052383e+00    1.069937e+00    1.052383e+00 
At t =  1.700000e-02 errors =  -8.985020e-05   -1.258476e-04   -8.985020e-05 
At t =  1.800000e-02 u =   1.055558e+00    1.074182e+00    1.055558e+00 
At t =  1.800000e-02 errors =  -9.545931e-05   -1.337076e-04   -9.545931e-05 
At t =  1.900000e-02 u =   1.058743e+00    1.078441e+00    1.058743e+00 
At t =  1.900000e-02 errors =  -1.011056e-04   -1.416200e-04   -1.011056e-04 
At t =  2.000000e-02 u =   1.061939e+00    1.082716e+00    1.061939e+00 
At t =  2.000000e-02 errors =  -1.067891e-04   -1.495851e-04   -1.067891e-04 
At t =  2.100000e-02 u =   1.065146e+00    1.087005e+00    1.065146e+00 
At t =  2.100000e-02 errors =  -1.125102e-04   -1.576032e-04   -1.125102e-04 
At t =  2.200000e-02 u =   1.068363e+00    1.091309e+00    1.068363e+00 
At t =  2.200000e-02 errors =  -1.182691e-04   -1.656746e-04   -1.182691e-04 
At t =  2.300000e-02 u =   1.071591e+00    1.095628e+00    1.071591e+00 
At t =  2.300000e-02 errors =  -1.240658e-04   -1.737994e-04   -1.240658e-04 
At t =  2.400000e-02 u =   1.074830e+00    1.099963e+00    1.074830e+00 
At t =  2.400000e-02 errors =  -1.299006e-04   -1.819781e-04   -1.299006e-04 
At t =  2.500000e-02 u =   1.078080e+00    1.104313e+00    1.078080e+00 
At t =  2.500000e-02 errors =  -1.357737e-04   -1.902108e-04   -1.357737e-04 
At t =  2.600000e-02 u =   1.081340e+00    1.108677e+00    1.081340e+00 
At t =  2.600000e-02 errors =  -1.416853e-04   -1.984979e-04   -1.416853e-04 
At t =  2.700000e-02 u =   1.084612e+00    1.113057e+00    1.084612e+00 
At t =  2.700000e-02 errors =  -1.476355e-04   -2.068395e-04   -1.476355e-04 
At t =  2.800000e-02 u =   1.087894e+00    1.117453e+00    1.087894e+00 
At t =  2.800000e-02 errors =  -1.536247e-04   -2.152361e-04   -1.536247e-04 
At t =  2.900000e-02 u =   1.091187e+00    1.121863e+00    1.091187e+00 
At t =  2.900000e-02 errors =  -1.596529e-04   -2.236878e-04   -1.596529e-04 
At t =  3.000000e-02 u =   1.094491e+00    1.126289e+00    1.094491e+00 
At t =  3.000000e-02 errors =  -1.657204e-04   -2.321950e-04   -1.657204e-04 
At t =  3.100000e-02 u =   1.097807e+00    1.130731e+00    1.097807e+00 
At t =  3.100000e-02 errors =  -1.718273e-04   -2.407579e-04   -1.718273e-04 
At t =  3.200000e-02 u =   1.101133e+00    1.135188e+00    1.101133e+00 
At t =  3.200000e-02 errors =  -1.779739e-04   -2.493768e-04   -1.779739e-04 
At t =  3.300000e-02 u =   1.104470e+00    1.139661e+00    1.104470e+00 
At t =  3.300000e-02 errors =  -1.841603e-04   -2.580520e-04   -1.841603e-04 
At t =  3.400000e-02 u =   1.107819e+00    1.144149e+00    1.107819e+00 
At t =  3.400000e-02 errors =  -1.903869e-04   -2.667837e-04   -1.903869e-04 
At t =  3.500000e-02 u =   1.111179e+00    1.148653e+00    1.111179e+00 
At t =  3.500000e-02 errors =  -1.966536e-04   -2.755724e-04   -1.966536e-04 
At t =  3.600000e-02 u =   1.114550e+00    1.153173e+00    1.114550e+00 
At t =  3.600000e-02 errors =  -2.029609e-04   -2.844181e-04   -2.029609e-04 
At t =  3.700000e-02 u =   1.117932e+00    1.157708e+00    1.117932e+00 
At t =  3.700000e-02 errors =  -2.093088e-04   -2.933213e-04   -2.093088e-04 
At t =  3.800000e-02 u =   1.121326e+00    1.162259e+00    1.121326e+00 
At t =  3.800000e-02 errors =  -2.156976e-04   -3.022822e-04   -2.156976e-04 
At t =  3.900000e-02 u =   1.124730e+00    1.166826e+00    1.124730e+00 
At t =  3.900000e-02 errors =  -2.221275e-04   -3.113012e-04   -2.221275e-04 
At t =  4.000000e-02 u =   1.128147e+00    1.171410e+00    1.128147e+00 
At t =  4.000000e-02 errors =  -2.285987e-04   -3.203784e-04   -2.285987e-04 
At t =  4.100000e-02 u =   1.131574e+00    1.176009e+00    1.131574e+00 
At t =  4.100000e-02 errors =  -2.351113e-04   -3.295142e-04   -2.351113e-04 
At t =  4.200000e-02 u =   1.135014e+00    1.180624e+00    1.135014e+00 
At t =  4.200000e-02 errors =  -2.416657e-04   -3.387089e-04   -2.416657e-04 
At t =  4.300000e-02 u =   1.138464e+00    1.185255e+00    1.138464e+00 
At t =  4.300000e-02 errors =  -2.482620e-04   -3.479628e-04   -2.482620e-04 
At t =  4.400000e-02 u =   1.141926e+00    1.189903e+00    1.141926e+00 
At t =  4.400000e-02 errors =  -2.549004e-04   -3.572762e-04   -2.549004e-04 
At t =  4.500000e-02 u =   1.145400e+00    1.194566e+00    1.145400e+00 
At t =  4.500000e-02 errors =  -2.615811e-04   -3.666494e-04   -2.615811e-04 
At t =  4.600000e-02 u =   1.148886e+00    1.199246e+00    1.148886e+00 
At t =  4.600000e-02 errors =  -2.683044e-04   -3.760826e-04   -2.683044e-04 
At t =  4.700000e-02 u =   1.152383e+00    1.203942e+00    1.152383e+00 
At t =  4.700000e-02 errors =  -2.750704e-04   -3.855762e-04   -2.750704e-04 
At t =  4.800000e-02 u =   1.155891e+00    1.208655e+00    1.155891e+00 
At t =  4.800000e-02 errors =  -2.818794e-04   -3.951306e-04   -2.818794e-04 
At t =  4.900000e-02 u =   1.159412e+00    1.213384e+00    1.159412e+00 
At t =  4.900000e-02 errors =  -2.887316e-04   -4.047459e-04   -2.887316e-04 
At t =  5.000000e-02 u =   1.162944e+00    1.218130e+00    1.162944e+00 
At t =  5.000000e-02 errors =  -2.956272e-04   -4.144224e-04   -2.956272e-04 
At t =  5.100000e-02 u =   1.166488e+00    1.222892e+00    1.166488e+00 
At t =  5.100000e-02 errors =  -3.025664e-04   -4.241606e-04   -3.025664e-04 
At t =  5.200000e-02 u =   1.170044e+00    1.227671e+00    1.170044e+00 
At t =  5.200000e-02 errors =  -3.095495e-04   -4.339607e-04   -3.095495e-04 
At t =  5.300000e-02 u =   1.173612e+00    1.232466e+00    1.173612e+00 
At t =  5.300000e-02 errors =  -3.165766e-04   -4.438230e-04   -3.165766e-04 
At t =  5.400000e-02 u =   1.177191e+00    1.237278e+00    1.177191e+00 
At t =  5.400000e-02 errors =  -3.236479e-04   -4.537479e-04   -3.236479e-04 
At t =  5.500000e-02 u =   1.180783e+00    1.242107e+00    1.180783e+00 
At t =  5.500000e-02 errors =  -3.307638e-04   -4.637356e-04   -3.307638e-04 
At t =  5.600000e-02 u =   1.184387e+00    1.246953e+00    1.184387e+00 
At t =  5.600000e-02 errors =  -3.379244e-04   -4.737864e-04   -3.379244e-04 
At t =  5.700000e-02 u =   1.188002e+00    1.251816e+00    1.188002e+00 
At t =  5.700000e-02 errors =  -3.451299e-04   -4.839007e-04   -3.451299e-04 
At t =  5.800000e-02 u =   1.191630e+00    1.256695e+00    1.191630e+00 
At t =  5.800000e-02 errors =  -3.523806e-04   -4.940788e-04   -3.523806e-04 
At t =  5.900000e-02 u =   1.195270e+00    1.261592e+00    1.195270e+00 
At t =  5.900000e-02 errors =  -3.596767e-04   -5.043209e-04   -3.596767e-04 
At t =  6.000000e-02 u =   1.198922e+00    1.266506e+00    1.198922e+00 
At t =  6.000000e-02 errors =  -3.670184e-04   -5.146275e-04   -3.670184e-04 
At t =  6.100000e-02 u =   1.202587e+00    1.271437e+00    1.202587e+00 
At t =  6.100000e-02 errors =  -3.744059e-04   -5.249989e-04   -3.744059e-04 
At t =  6.200000e-02 u =   1.206263e+00    1.276385e+00    1.206263e+00 
At t =  6.200000e-02 errors =  -3.818395e-04   -5.354353e-04   -3.818395e-04 
At t =  6.300000e-02 u =   1.209952e+00    1.281350e+00    1.209952e+00 
At t =  6.300000e-02 errors =  -3.893194e-04   -5.459371e-04   -3.893194e-04 
At t =  6.400000e-02 u =   1.213653e+00    1.286332e+00    1.213653e+00 
At t =  6.400000e-02 errors =  -3.968458e-04   -5.565046e-04   -3.968458e-04 
At t =  6.500000e-02 u =   1.217367e+00    1.291332e+00    1.217367e+00 
At t =  6.500000e-02 errors =  -4.044190e-04   -5.671381e-04   -4.044190e-04 
At t =  6.600000e-02 u =   1.221093e+00    1.296350e+00    1.221093e+00 
At t =  6.600000e-02 errors =  -4.120392e-04   -5.778380e-04   -4.120392e-04 
At t =  6.700000e-02 u =   1.224832e+00    1.301385e+00    1.224832e+00 
At t =  6.700000e-02 errors =  -4.197066e-04   -5.886046e-04   -4.197066e-04 
At t =  6.800000e-02 u =   1.228583e+00    1.306437e+00    1.228583e+00 
At t =  6.800000e-02 errors =  -4.274214e-04   -5.994382e-04   -4.274214e-04 
At t =  6.900000e-02 u =   1.232346e+00    1.311507e+00    1.232346e+00 
At t =  6.900000e-02 errors =  -4.351840e-04   -6.103392e-04   -4.351840e-04 
At t =  7.000000e-02 u =   1.236122e+00    1.316595e+00    1.236122e+00 
At t =  7.000000e-02 errors =  -4.429944e-04   -6.213078e-04   -4.429944e-04 
At t =  7.100000e-02 u =   1.239911e+00    1.321700e+00    1.239911e+00 
At t =  7.100000e-02 errors =  -4.508531e-04   -6.323445e-04   -4.508531e-04 
At t =  7.200000e-02 u =   1.243713e+00    1.326824e+00    1.243713e+00 
At t =  7.200000e-02 errors =  -4.587601e-04   -6.434495e-04   -4.587601e-04 
At t =  7.300000e-02 u =   1.247527e+00    1.331965e+00    1.247527e+00 
At t =  7.300000e-02 errors =  -4.667158e-04   -6.546233e-04   -4.667158e-04 
At t =  7.400000e-02 u =   1.251354e+00    1.337124e+00    1.251354e+00 
At t =  7.400000e-02 errors =  -4.747203e-04   -6.658661e-04   -4.747203e-04 
At t =  7.500000e-02 u =   1.255194e+00    1.342301e+00    1.255194e+00 
At t =  7.500000e-02 errors =  -4.827740e-04   -6.771782e-04   -4.827740e-04 
At t =  7.600000e-02 u =   1.259047e+00    1.347496e+00    1.259047e+00 
At t =  7.600000e-02 errors =  -4.908770e-04   -6.885601e-04   -4.908770e-04 
At t =  7.700000e-02 u =   1.262912e+00    1.352709e+00    1.262912e+00 
At t =  7.700000e-02 errors =  -4.990297e-04   -7.000121e-04   -4.990297e-04 
At t =  7.800000e-02 u =   1.266791e+00    1.357940e+00    1.266791e+00 
At t =  7.800000e-02 errors =  -5.072322e-04   -7.115345e-04   -5.072322e-04 
At t =  7.900000e-02 u =   1.270682e+00    1.363189e+00    1.270682e+00 
At t =  7.900000e-02 errors =  -5.154848e-04   -7.231276e-04   -5.154848e-04 
At t =  8.000000e-02 u =   1.274587e+00    1.368457e+00    1.274587e+00 
At t =  8.000000e-02 errors =  -5.237877e-04   -7.347918e-04   -5.237877e-04 
At t =  8.100000e-02 u =   1.278504e+00    1.373743e+00    1.278504e+00 
At t =  8.100000e-02 errors =  -5.321412e-04   -7.465275e-04   -5.321412e-04 
At t =  8.200000e-02 u =   1.282435e+00    1.379048e+00    1.282435e+00 
At t =  8.200000e-02 errors =  -5.405456e-04   -7.583351e-04   -5.405456e-04 
At t =  8.300000e-02 u =   1.286379e+00    1.384371e+00    1.286379e+00 
At t =  8.300000e-02 errors =  -5.490011e-04   -7.702147e-04   -5.490011e-04 
At t =  8.400000e-02 u =   1.290336e+00    1.389712e+00    1.290336e+00 
At t =  8.400000e-02 errors =  -5.575079e-04   -7.821669e-04   -5.575079e-04 
At t =  8.500000e-02 u =   1.294307e+00    1.395072e+00    1.294307e+00 
At t =  8.500000e-02 errors =  -5.660663e-04   -7.941920e-04   -5.660663e-04 
At t =  8.600000e-02 u =   1.298290e+00    1.400451e+00    1.298290e+00 
At t =  8.600000e-02 errors =  -5.746766e-04   -8.062903e-04   -5.746766e-04 
At t =  8.700000e-02 u =   1.302287e+00    1.405849e+00    1.302287e+00 
At t =  8.700000e-02 errors =  -5.833389e-04   -8.184622e-04   -5.833389e-04 
At t =  8.800000e-02 u =   1.306298e+00    1.411265e+00    1.306298e+00 
At t =  8.800000e-02 errors =  -5.920536e-04   -8.307081e-04   -5.920536e-04 
At t =  8.900000e-02 u =   1.310322e+00    1.416700e+00    1.310322e+00 
At t =  8.900000e-02 errors =  -6.008210e-04   -8.430283e-04   -6.008210e-04 
At t =  9.000000e-02 u =   1.314359e+00    1.422154e+00    1.314359e+00 
At t =  9.000000e-02 errors =  -6.096412e-04   -8.554231e-04   -6.096412e-04 
At t =  9.100000e-02 u =   1.318410e+00    1.427627e+00    1.318410e+00 
At t =  9.100000e-02 errors =  -6.185145e-04   -8.678931e-04   -6.185145e-04 
At t =  9.200000e-02 u =   1.322474e+00    1.433119e+00    1.322474e+00 
At t =  9.200000e-02 errors =  -6.274412e-04   -8.804384e-04   -6.274412e-04 
At t =  9.300000e-02 u =   1.326552e+00    1.438630e+00    1.326552e+00 
At t =  9.300000e-02 errors =  -6.364216e-04   -8.930595e-04   -6.364216e-04 
At t =  9.400000e-02 u =   1.330644e+00    1.444161e+00    1.330644e+00 
At t =  9.400000e-02 errors =  -6.454559e-04   -9.057568e-04   -6.454559e-04 
At t =  9.500000e-02 u =   1.334750e+00    1.449710e+00    1.334750e+00 
At t =  9.500000e-02 errors =  -6.545444e-04   -9.185306e-04   -6.545444e-04 
At t =  9.600000e-02 u =   1.338869e+00    1.455279e+00    1.338869e+00 
At t =  9.600000e-02 errors =  -6.636874e-04   -9.313814e-04   -6.636874e-04 
At t =  9.700000e-02 u =   1.343002e+00    1.460867e+00    1.343002e+00 
At t =  9.700000e-02 errors =  -6.728850e-04   -9.443094e-04   -6.728850e-04 
At t =  9.800000e-02 u =   1.347149e+00    1.466475e+00    1.347149e+00 
At t =  9.800000e-02 errors =  -6.821376e-04   -9.573151e-04   -6.821376e-04 
At t =  9.900000e-02 u =   1.351309e+00    1.472102e+00    1.351309e+00 
At t =  9.900000e-02 errors =  -6.914455e-04   -9.703988e-04   -6.914455e-04 
At t =  1.000000e-01 u =   1.355484e+00    1.477749e+00    1.355484e+00 
At t =  1.000000e-01 errors =  -7.008089e-04   -9.835609e-04   -7.008089e-04 
