DM Object: 12 MPI processes
  type: stag
Dimension: 3
Global sizes: 6 x 9 x 13
Parallel decomposition: 3 x 2 x 2 ranks
Boundary ghosting: GHOSTED GHOSTED GHOSTED
Elementwise ghost stencil: BOX, width 0
Stratum dof: 0:1 1:1 2:1 3:1
[0] Rank coordinates (0,0,0)
[0] Local elements : 1 x 4 x 6 (1 x 4 x 6 with ghosts)
[0] Local native entries: 192
[0] Local entries total : 192
[1] Rank coordinates (1,0,0)
[1] Local elements : 2 x 4 x 6 (2 x 4 x 6 with ghosts)
[1] Local native entries: 384
[1] Local entries total : 384
[2] Rank coordinates (2,0,0)
[2] Local elements : 3 x 4 x 6 (4 x 4 x 6 with ghosts)
[2] Local native entries: 672
[2] Local entries total : 768
[3] Rank coordinates (0,1,0)
[3] Local elements : 1 x 5 x 6 (1 x 6 x 6 with ghosts)
[3] Local native entries: 264
[3] Local entries total : 288
[4] Rank coordinates (1,1,0)
[4] Local elements : 2 x 5 x 6 (2 x 6 x 6 with ghosts)
[4] Local native entries: 528
[4] Local entries total : 576
[5] Rank coordinates (2,1,0)
[5] Local elements : 3 x 5 x 6 (4 x 6 x 6 with ghosts)
[5] Local native entries: 924
[5] Local entries total : 1152
[6] Rank coordinates (0,0,1)
[6] Local elements : 1 x 4 x 7 (1 x 4 x 8 with ghosts)
[6] Local native entries: 240
[6] Local entries total : 256
[7] Rank coordinates (1,0,1)
[7] Local elements : 2 x 4 x 7 (2 x 4 x 8 with ghosts)
[7] Local native entries: 480
[7] Local entries total : 512
[8] Rank coordinates (2,0,1)
[8] Local elements : 3 x 4 x 7 (4 x 4 x 8 with ghosts)
[8] Local native entries: 840
[8] Local entries total : 1024
[9] Rank coordinates (0,1,1)
[9] Local elements : 1 x 5 x 7 (1 x 6 x 8 with ghosts)
[9] Local native entries: 330
[9] Local entries total : 384
[10] Rank coordinates (1,1,1)
[10] Local elements : 2 x 5 x 7 (2 x 6 x 8 with ghosts)
[10] Local native entries: 660
[10] Local entries total : 768
[11] Rank coordinates (2,1,1)
[11] Local elements : 3 x 5 x 7 (4 x 6 x 8 with ghosts)
[11] Local native entries: 1155
[11] Local entries total : 1536
2 Norm of test vector: 163.328
