DM Object: DMinit 1 MPI processes
  type: plex
DMinit in 3 dimensions:
  0-cells: 125
  1-cells: 604
  2-cells: 864
  3-cells: 384
Labels:
  marker: 1 strata with value/size (1 (317))
  depth: 4 strata with value/size (0 (125), 1 (604), 2 (864), 3 (384))
DM Object: DMadapt (adapt_) 1 MPI processes
  type: plex
DMadapt in 3 dimensions:
  0-cells: 155
  1-cells: 752
  2-cells: 1079
  3-cells: 481
Labels:
  marker: 1 strata with value/size (1 (234))
  depth: 4 strata with value/size (0 (155), 1 (752), 2 (1079), 3 (481))
