[0]Nv: 4
[0]  1 2 [0-2)
[0]  0 3 [2-4)
[0]  0 3 [4-6)
[0]  1 2 [6-8)
[1]Nv: 0
Graph Partitioner: 2 MPI Processes
  type: parmetis
  edge cut: 2
  balance: 0
  use vertex weights: 1
  ParMetis type: kway
  load imbalance ratio 1.05
  debug flag 0
  random seed -1
DM Object: Parallel Mesh 2 MPI processes
  type: plex
  Cell balance: 1.00 (max 8, min 8, empty 0)
  Edge Cut: 4 (on node 0.000)
[0]Nv: 8
[0]  1 3 9 [0-3)
[0]  0 2 [3-5)
[0]  1 3 5 [5-8)
[0]  0 2 4 10 [8-12)
[0]  3 5 7 13 [12-16)
[0]  2 4 6 [16-19)
[0]  5 7 [19-21)
[0]  4 6 14 [21-24)
[1]Nv: 8
[1]  9 11 [0-2)
[1]  0 8 10 [2-5)
[1]  3 9 11 13 [5-9)
[1]  8 10 12 [9-12)
[1]  11 13 15 [12-15)
[1]  4 10 12 14 [15-19)
[1]  7 13 15 [19-22)
[1]  12 14 [22-24)
Graph Partitioner: 2 MPI Processes
  type: parmetis
  edge cut: 4
  balance: 0
  use vertex weights: 1
  ParMetis type: kway
  load imbalance ratio 1.05
  debug flag 0
  random seed -1
Minimum number of neighbors: 1
DM Object: Parallel Mesh 2 MPI processes
  type: plex
  Cell balance: 1.00 (max 8, min 8, empty 0)
  Edge Cut: 4 (on node 0.000)
DM Object: Simplicial Mesh 2 MPI processes
  type: plex
Simplicial Mesh in 2 dimensions:
  0-cells: 15 15
  1-cells: 22 22
  2-cells: 8 8
Labels:
  depth: 3 strata with value/size (0 (15), 1 (22), 2 (8))
  celltype: 3 strata with value/size (0 (15), 1 (22), 4 (8))
  marker: 1 strata with value/size (1 (17))
  Face Sets: 3 strata with value/size (2 (3), 3 (6), 4 (3))
