Attempt rebalancing of shared points of depth 0 on interface of mesh distribution.
Size of generated auxiliary graph: 56
Using METIS to partition graph.
Comparing number of owned entities of depth 0 on each process before rebalancing, after rebalancing, and after consistency checks.
Initial.     Min: 258, Avg: 288, Max: 318, Balance: 1.104167
Rebalanced.  Min: 286, Avg: 288, Max: 290, Balance: 1.006944
After.       Min: 286, Avg: 288, Max: 290, Balance: 1.006944
