DM Object: Mesh 2 MPI processes
  type: plex
Mesh in 2 dimensions:
Supports:
[0] Max support size: 3
[0]: 6 ----> 18
[0]: 6 ----> 23
[0]: 6 ----> 30
[0]: 7 ----> 18
[0]: 7 ----> 19
[0]: 7 ----> 31
[0]: 8 ----> 19
[0]: 8 ----> 20
[0]: 8 ----> 32
[0]: 9 ----> 20
[0]: 9 ----> 21
[0]: 9 ----> 33
[0]: 10 ----> 21
[0]: 10 ----> 22
[0]: 10 ----> 34
[0]: 11 ----> 22
[0]: 11 ----> 23
[0]: 11 ----> 35
[0]: 12 ----> 24
[0]: 12 ----> 29
[0]: 12 ----> 30
[0]: 13 ----> 24
[0]: 13 ----> 25
[0]: 13 ----> 31
[0]: 14 ----> 25
[0]: 14 ----> 26
[0]: 14 ----> 32
[0]: 15 ----> 26
[0]: 15 ----> 27
[0]: 15 ----> 33
[0]: 16 ----> 27
[0]: 16 ----> 28
[0]: 16 ----> 34
[0]: 17 ----> 28
[0]: 17 ----> 29
[0]: 17 ----> 35
[0]: 18 ----> 0
[0]: 19 ----> 1
[0]: 20 ----> 2
[0]: 21 ----> 3
[0]: 22 ----> 4
[0]: 23 ----> 5
[0]: 24 ----> 0
[0]: 25 ----> 1
[0]: 26 ----> 2
[0]: 27 ----> 3
[0]: 28 ----> 4
[0]: 29 ----> 5
[0]: 30 ----> 0
[0]: 30 ----> 5
[0]: 31 ----> 0
[0]: 31 ----> 1
[0]: 32 ----> 1
[0]: 32 ----> 2
[0]: 33 ----> 2
[0]: 33 ----> 3
[0]: 34 ----> 3
[0]: 34 ----> 4
[0]: 35 ----> 4
[0]: 35 ----> 5
[1] Max support size: 3
[1]: 6 ----> 18
[1]: 6 ----> 23
[1]: 6 ----> 30
[1]: 7 ----> 18
[1]: 7 ----> 19
[1]: 7 ----> 31
[1]: 8 ----> 19
[1]: 8 ----> 20
[1]: 8 ----> 32
[1]: 9 ----> 20
[1]: 9 ----> 21
[1]: 9 ----> 33
[1]: 10 ----> 21
[1]: 10 ----> 22
[1]: 10 ----> 34
[1]: 11 ----> 22
[1]: 11 ----> 23
[1]: 11 ----> 35
[1]: 12 ----> 24
[1]: 12 ----> 29
[1]: 12 ----> 30
[1]: 13 ----> 24
[1]: 13 ----> 25
[1]: 13 ----> 31
[1]: 14 ----> 25
[1]: 14 ----> 26
[1]: 14 ----> 32
[1]: 15 ----> 26
[1]: 15 ----> 27
[1]: 15 ----> 33
[1]: 16 ----> 27
[1]: 16 ----> 28
[1]: 16 ----> 34
[1]: 17 ----> 28
[1]: 17 ----> 29
[1]: 17 ----> 35
[1]: 18 ----> 0
[1]: 19 ----> 1
[1]: 20 ----> 2
[1]: 21 ----> 3
[1]: 22 ----> 4
[1]: 23 ----> 5
[1]: 24 ----> 0
[1]: 25 ----> 1
[1]: 26 ----> 2
[1]: 27 ----> 3
[1]: 28 ----> 4
[1]: 29 ----> 5
[1]: 30 ----> 0
[1]: 30 ----> 5
[1]: 31 ----> 0
[1]: 31 ----> 1
[1]: 32 ----> 1
[1]: 32 ----> 2
[1]: 33 ----> 2
[1]: 33 ----> 3
[1]: 34 ----> 3
[1]: 34 ----> 4
[1]: 35 ----> 4
[1]: 35 ----> 5
Cones:
[0] Max cone size: 4
[0]: 0 <---- 18 (0)
[0]: 0 <---- 31 (0)
[0]: 0 <---- 24 (-2)
[0]: 0 <---- 30 (-2)
[0]: 1 <---- 19 (0)
[0]: 1 <---- 32 (0)
[0]: 1 <---- 25 (-2)
[0]: 1 <---- 31 (-2)
[0]: 2 <---- 20 (0)
[0]: 2 <---- 33 (0)
[0]: 2 <---- 26 (-2)
[0]: 2 <---- 32 (-2)
[0]: 3 <---- 21 (0)
[0]: 3 <---- 34 (0)
[0]: 3 <---- 27 (-2)
[0]: 3 <---- 33 (-2)
[0]: 4 <---- 22 (0)
[0]: 4 <---- 35 (0)
[0]: 4 <---- 28 (-2)
[0]: 4 <---- 34 (-2)
[0]: 5 <---- 23 (0)
[0]: 5 <---- 30 (0)
[0]: 5 <---- 29 (-2)
[0]: 5 <---- 35 (-2)
[0]: 18 <---- 6 (0)
[0]: 18 <---- 7 (0)
[0]: 19 <---- 7 (0)
[0]: 19 <---- 8 (0)
[0]: 20 <---- 8 (0)
[0]: 20 <---- 9 (0)
[0]: 21 <---- 9 (0)
[0]: 21 <---- 10 (0)
[0]: 22 <---- 10 (0)
[0]: 22 <---- 11 (0)
[0]: 23 <---- 11 (0)
[0]: 23 <---- 6 (0)
[0]: 24 <---- 12 (0)
[0]: 24 <---- 13 (0)
[0]: 25 <---- 13 (0)
[0]: 25 <---- 14 (0)
[0]: 26 <---- 14 (0)
[0]: 26 <---- 15 (0)
[0]: 27 <---- 15 (0)
[0]: 27 <---- 16 (0)
[0]: 28 <---- 16 (0)
[0]: 28 <---- 17 (0)
[0]: 29 <---- 17 (0)
[0]: 29 <---- 12 (0)
[0]: 30 <---- 6 (0)
[0]: 30 <---- 12 (0)
[0]: 31 <---- 7 (0)
[0]: 31 <---- 13 (0)
[0]: 32 <---- 8 (0)
[0]: 32 <---- 14 (0)
[0]: 33 <---- 9 (0)
[0]: 33 <---- 15 (0)
[0]: 34 <---- 10 (0)
[0]: 34 <---- 16 (0)
[0]: 35 <---- 11 (0)
[0]: 35 <---- 17 (0)
[1] Max cone size: 4
[1]: 0 <---- 18 (0)
[1]: 0 <---- 31 (0)
[1]: 0 <---- 24 (-2)
[1]: 0 <---- 30 (-2)
[1]: 1 <---- 19 (0)
[1]: 1 <---- 32 (0)
[1]: 1 <---- 25 (-2)
[1]: 1 <---- 31 (-2)
[1]: 2 <---- 20 (0)
[1]: 2 <---- 33 (0)
[1]: 2 <---- 26 (-2)
[1]: 2 <---- 32 (-2)
[1]: 3 <---- 21 (0)
[1]: 3 <---- 34 (0)
[1]: 3 <---- 27 (-2)
[1]: 3 <---- 33 (-2)
[1]: 4 <---- 22 (0)
[1]: 4 <---- 35 (0)
[1]: 4 <---- 28 (-2)
[1]: 4 <---- 34 (-2)
[1]: 5 <---- 23 (0)
[1]: 5 <---- 30 (0)
[1]: 5 <---- 29 (-2)
[1]: 5 <---- 35 (-2)
[1]: 18 <---- 6 (0)
[1]: 18 <---- 7 (0)
[1]: 19 <---- 7 (0)
[1]: 19 <---- 8 (0)
[1]: 20 <---- 8 (0)
[1]: 20 <---- 9 (0)
[1]: 21 <---- 9 (0)
[1]: 21 <---- 10 (0)
[1]: 22 <---- 10 (0)
[1]: 22 <---- 11 (0)
[1]: 23 <---- 11 (0)
[1]: 23 <---- 6 (0)
[1]: 24 <---- 12 (0)
[1]: 24 <---- 13 (0)
[1]: 25 <---- 13 (0)
[1]: 25 <---- 14 (0)
[1]: 26 <---- 14 (0)
[1]: 26 <---- 15 (0)
[1]: 27 <---- 15 (0)
[1]: 27 <---- 16 (0)
[1]: 28 <---- 16 (0)
[1]: 28 <---- 17 (0)
[1]: 29 <---- 17 (0)
[1]: 29 <---- 12 (0)
[1]: 30 <---- 6 (0)
[1]: 30 <---- 12 (0)
[1]: 31 <---- 7 (0)
[1]: 31 <---- 13 (0)
[1]: 32 <---- 8 (0)
[1]: 32 <---- 14 (0)
[1]: 33 <---- 9 (0)
[1]: 33 <---- 15 (0)
[1]: 34 <---- 10 (0)
[1]: 34 <---- 16 (0)
[1]: 35 <---- 11 (0)
[1]: 35 <---- 17 (0)
coordinates with 1 fields
  field 0 with 2 components
Process 0:
  (   0) dim  0 offset   0
  (   1) dim  0 offset   0
  (   2) dim  0 offset   0
  (   3) dim  0 offset   0
  (   4) dim  0 offset   0
  (   5) dim  8 offset   0 0.833333 0. 1. 0. 1. 0.5 0.833333 0.5
  (   6) dim  2 offset   8 0. 0.
  (   7) dim  2 offset  10 0.166667 0.
  (   8) dim  2 offset  12 0.333333 0.
  (   9) dim  2 offset  14 0.5 0.
  (  10) dim  2 offset  16 0.666667 0.
  (  11) dim  2 offset  18 0.833333 0.
  (  12) dim  2 offset  20 0. 0.5
  (  13) dim  2 offset  22 0.166667 0.5
  (  14) dim  2 offset  24 0.333333 0.5
  (  15) dim  2 offset  26 0.5 0.5
  (  16) dim  2 offset  28 0.666667 0.5
  (  17) dim  2 offset  30 0.833333 0.5
Process 1:
  (   0) dim  0 offset   0
  (   1) dim  0 offset   0
  (   2) dim  0 offset   0
  (   3) dim  0 offset   0
  (   4) dim  0 offset   0
  (   5) dim  8 offset   0 0.833333 0.5 1. 0.5 1. 1. 0.833333 1.
  (   6) dim  2 offset   8 0. 0.5
  (   7) dim  2 offset  10 0.166667 0.5
  (   8) dim  2 offset  12 0.333333 0.5
  (   9) dim  2 offset  14 0.5 0.5
  (  10) dim  2 offset  16 0.666667 0.5
  (  11) dim  2 offset  18 0.833333 0.5
  (  12) dim  2 offset  20 0. 1.
  (  13) dim  2 offset  22 0.166667 1.
  (  14) dim  2 offset  24 0.333333 1.
  (  15) dim  2 offset  26 0.5 1.
  (  16) dim  2 offset  28 0.666667 1.
  (  17) dim  2 offset  30 0.833333 1.
Label 'marker':
[0]: 6 (1)
[0]: 7 (1)
[0]: 8 (1)
[0]: 9 (1)
[0]: 10 (1)
[0]: 11 (1)
[0]: 18 (1)
[0]: 19 (1)
[0]: 20 (1)
[0]: 21 (1)
[0]: 22 (1)
[0]: 23 (1)
[1]: 12 (1)
[1]: 13 (1)
[1]: 14 (1)
[1]: 15 (1)
[1]: 16 (1)
[1]: 17 (1)
[1]: 24 (1)
[1]: 25 (1)
[1]: 26 (1)
[1]: 27 (1)
[1]: 28 (1)
[1]: 29 (1)
Label 'celltype':
[0]: 6 (0)
[0]: 7 (0)
[0]: 8 (0)
[0]: 9 (0)
[0]: 10 (0)
[0]: 11 (0)
[0]: 12 (0)
[0]: 13 (0)
[0]: 14 (0)
[0]: 15 (0)
[0]: 16 (0)
[0]: 17 (0)
[0]: 18 (1)
[0]: 19 (1)
[0]: 20 (1)
[0]: 21 (1)
[0]: 22 (1)
[0]: 23 (1)
[0]: 24 (1)
[0]: 25 (1)
[0]: 26 (1)
[0]: 27 (1)
[0]: 28 (1)
[0]: 29 (1)
[0]: 30 (1)
[0]: 31 (1)
[0]: 32 (1)
[0]: 33 (1)
[0]: 34 (1)
[0]: 35 (1)
[0]: 0 (4)
[0]: 1 (4)
[0]: 2 (4)
[0]: 3 (4)
[0]: 4 (4)
[0]: 5 (4)
[1]: 6 (0)
[1]: 7 (0)
[1]: 8 (0)
[1]: 9 (0)
[1]: 10 (0)
[1]: 11 (0)
[1]: 12 (0)
[1]: 13 (0)
[1]: 14 (0)
[1]: 15 (0)
[1]: 16 (0)
[1]: 17 (0)
[1]: 18 (1)
[1]: 19 (1)
[1]: 20 (1)
[1]: 21 (1)
[1]: 22 (1)
[1]: 23 (1)
[1]: 24 (1)
[1]: 25 (1)
[1]: 26 (1)
[1]: 27 (1)
[1]: 28 (1)
[1]: 29 (1)
[1]: 30 (1)
[1]: 31 (1)
[1]: 32 (1)
[1]: 33 (1)
[1]: 34 (1)
[1]: 35 (1)
[1]: 0 (4)
[1]: 1 (4)
[1]: 2 (4)
[1]: 3 (4)
[1]: 4 (4)
[1]: 5 (4)
PetscSF Object: 2 MPI processes
  type: basic
    sort=rank-order
  [0] Number of roots=36, leaves=12, remote ranks=1
  [0] 12 <- (1,6)
  [0] 13 <- (1,7)
  [0] 14 <- (1,8)
  [0] 15 <- (1,9)
  [0] 16 <- (1,10)
  [0] 17 <- (1,11)
  [0] 24 <- (1,18)
  [0] 25 <- (1,19)
  [0] 26 <- (1,20)
  [0] 27 <- (1,21)
  [0] 28 <- (1,22)
  [0] 29 <- (1,23)
  [1] Number of roots=36, leaves=0, remote ranks=0
  [0] Roots referenced by my leaves, by rank
  [0] 1: 12 edges
  [0]    12 <- 6
  [0]    13 <- 7
  [0]    14 <- 8
  [0]    15 <- 9
  [0]    16 <- 10
  [0]    17 <- 11
  [0]    24 <- 18
  [0]    25 <- 19
  [0]    26 <- 20
  [0]    27 <- 21
  [0]    28 <- 22
  [0]    29 <- 23
  [1] Roots referenced by my leaves, by rank
