[0]Nv: 0
Graph Partitioner: 1 MPI Process
  type: ptscotch
  edge cut: 0
  balance: 0
  use vertex weights: 1
  using partitioning strategy DEFAULT
  using load imbalance ratio 0.01
PetscSection Object: NULL SECTION 1 MPI processes
  type not yet set
Process 0:
  (   0) dim  0 offset   0
  (   1) dim  0 offset   0
  (   2) dim  0 offset   0
IS Object: NULL PARTITION 1 MPI processes
  type: general
Number of indices in set 0
[0]Nv: 4
[0]  3 1 [0-2)
[0]  0 2 [2-4)
[0]  1 3 [4-6)
[0]  2 0 [6-8)
Graph Partitioner: 1 MPI Process
  type: ptscotch
  edge cut: 0
  balance: 0
  use vertex weights: 1
  using partitioning strategy DEFAULT
  using load imbalance ratio 0.01
PetscSection Object: SEQ SECTION 1 MPI processes
  type not yet set
Process 0:
  (   0) dim  1 offset   0
  (   1) dim  1 offset   1
  (   2) dim  2 offset   2
IS Object: SEQ PARTITION 1 MPI processes
  type: general
Number of indices in set 4
0 2
1 3
2 0
3 1
[0]Nv: 4
[0]  3 1 [0-2)
[0]  0 2 [2-4)
[0]  1 3 [4-6)
[0]  2 0 [6-8)
Graph Partitioner: 1 MPI Process
  type: ptscotch
  edge cut: 0
  balance: 0
  use vertex weights: 1
  using partitioning strategy DEFAULT
  using load imbalance ratio 0.01
PetscSection Object: PARVOID SECTION 1 MPI processes
  type not yet set
Process 0:
  (   0) dim  1 offset   0
  (   1) dim  1 offset   1
  (   2) dim  2 offset   2
IS Object: PARVOID PARTITION 1 MPI processes
  type: general
Number of indices in set 4
0 2
1 3
2 0
3 1
