RG Object: 1 MPI processes
  type: ellipse
    center: 1.1, radius: 2., vscale: 0.1
Point (0.1,0.3) is outside the region
The bounding box is [-0.9,3.1]x[-0.2,0.2]
Contour points: (3,0.0618) (2.28,0.162) (1.1,0.2) (-0.0756,0.162) (-0.802,0.0618) (-0.802,-0.0618) (-0.0756,-0.162) (1.1,-0.2) (2.28,-0.162) (3,-0.0618) 
RG Object: 1 MPI processes
  type: interval
    region: [-1.,1.]x[-0.1,0.1]
Point (0.2,0.) is inside the region
The bounding box is [-1.,1.]x[-0.1,0.1]
Contour points: (-1,-0.1) (-0.56,-0.1) (-0.12,-0.1) (0.32,-0.1) (0.76,-0.1) (1,0.1) (0.56,0.1) (0.12,0.1) (-0.32,0.1) (-0.76,0.1) 
RG Object: 1 MPI processes
  type: polygon
    vertices: 0.+1i, 0.-1i, 0.6-0.8i, 1.-1i, 2., 1.+1i, 0.6+0.8i
Point (5.,0.9) is outside the region
The bounding box is [0.,2.]x[-1.,1.]
Contour points: (0,1) (0.659,0.83) (1.22,0.775) (1.72,0.281) (1.79,-0.213) (1.29,-0.707) (0.745,-0.873) (0.0914,-0.97) (0,-0.398) (0,0.301) 
