
Generalized Symmetric Eigenproblem, N=324 (18x18 grid)

 All requested eigenvalues computed up to the required tolerance:
     1.15065, 1.20715, 1.07460

Level of orthogonality below the tolerance
