
Standard eigenproblem with PRIMME, N=1225 (35x35 grid)

 PRIMME: using block size 4, method GD_OLSEN_PLUSK
 All requested eigenvalues computed up to the required tolerance:
     0.01522, 0.03800, 0.03800, 0.06077

