
2-D Laplacian Eigenproblem (matrix-free version), N=400 (20x20 grid)

 Number of requested eigenvalues: 4
 All requested eigenvalues computed up to the required tolerance:
     7.95532, 7.88881, 7.88881, 7.82229

