PetscFE Object: solution 1 MPI processes
  type: basic
  Basic Finite Element in 1 dimensions with 3 components
  PetscSpace Object: solution 1 MPI processes
    type: subspace
    Space in 1 variables with 3 components, size 6
    Subspace-to-space domain shift:

     0.
     -1.
    Subspace-to-space domain transform:

     1.
     0.
    Original space:
      PetscSpace Object: solution 1 MPI processes
        type: poly
        Space in 2 variables with 3 components, size 9
        Polynomial space of degree 1
  PetscDualSpace Object: solution 1 MPI processes
    type: lagrange
    Dual space with 3 components, size 6
    Continuous Lagrange dual space
    Quadrature of order 3 on 2 points (dim 1)
