DM Object: DMinit 2 MPI processes
  type: plex
DMinit in 3 dimensions:
  0-cells: 548 555
  1-cells: 3055 3074
  2-cells: 4695 4707
  3-cells: 2187 2187
Labels:
  marker: 1 strata with value/size (1 (1022))
  depth: 4 strata with value/size (0 (548), 1 (3055), 2 (4695), 3 (2187))
DM Object: DMadapt (adapt_) 2 MPI processes
  type: plex
DMadapt in 3 dimensions:
  0-cells: 49603 49827
  1-cells: 334994 336178
  2-cells: 564944 566672
  3-cells: 279552 280320
Labels:
  _boundary_: 1 strata with value/size (1 (7584))
  depth: 4 strata with value/size (0 (49603), 1 (334994), 2 (564944), 3 (279552))
