# vtk DataFile Version 2.0
Simplicial Mesh Example
ASCII
DATASET UNSTRUCTURED_GRID
POINTS 8 double
0.000000e+00 0.000000e+00 0.000000e+00
1.000000e+00 0.000000e+00 0.000000e+00
0.000000e+00 1.000000e+00 0.000000e+00
1.000000e+00 1.000000e+00 0.000000e+00
0.000000e+00 0.000000e+00 1.000000e+00
1.000000e+00 0.000000e+00 1.000000e+00
0.000000e+00 1.000000e+00 1.000000e+00
1.000000e+00 1.000000e+00 1.000000e+00
CELLS 2 14
6  2 0 1 6 4 5
6  1 3 2 5 7 6
CELL_TYPES 2
13
13
