DM Object: cubit(FourSquareH-large.exo): 12/02/2017: 09:20:37 1 MPI processes
  type: plex
cubit(FourSquareH-large.exo): 12/02/2017: 09:20:37 in 2 dimensions:
  0-cells: 54
  1-cells: 117
  2-cells: 64 (46)
Labels:
  celltype: 4 strata with value/size (0 (54), 4 (18), 1 (117), 3 (46))
  depth: 3 strata with value/size (0 (54), 1 (117), 2 (64))
  Cell Sets: 4 strata with value/size (1 (9), 2 (18), 3 (28), 5 (9))
PetscSection Object: 1 MPI processes
  type not yet set
3 fields
  field 0 with 2 components
Process 0:
  (   0) dim  0 offset   0
  (   1) dim  0 offset   3
  (   2) dim  0 offset   6
  (   3) dim  0 offset   9
  (   4) dim  0 offset  12
  (   5) dim  0 offset  15
  (   6) dim  0 offset  18
  (   7) dim  0 offset  21
  (   8) dim  0 offset  24
  (   9) dim  0 offset  27
  (  10) dim  0 offset  30
  (  11) dim  0 offset  33
  (  12) dim  0 offset  36
  (  13) dim  0 offset  39
  (  14) dim  0 offset  42
  (  15) dim  0 offset  45
  (  16) dim  0 offset  48
  (  17) dim  0 offset  51
  (  18) dim  0 offset  54
  (  19) dim  0 offset  57
  (  20) dim  0 offset  60
  (  21) dim  0 offset  63
  (  22) dim  0 offset  66
  (  23) dim  0 offset  69
  (  24) dim  0 offset  72
  (  25) dim  0 offset  75
  (  26) dim  0 offset  78
  (  27) dim  0 offset  81
  (  28) dim  0 offset  84
  (  29) dim  0 offset  87
  (  30) dim  0 offset  90
  (  31) dim  0 offset  93
  (  32) dim  0 offset  96
  (  33) dim  0 offset  99
  (  34) dim  0 offset 102
  (  35) dim  0 offset 105
  (  36) dim  0 offset 108
  (  37) dim  0 offset 111
  (  38) dim  0 offset 114
  (  39) dim  0 offset 117
  (  40) dim  0 offset 120
  (  41) dim  0 offset 123
  (  42) dim  0 offset 126
  (  43) dim  0 offset 129
  (  44) dim  0 offset 132
  (  45) dim  0 offset 135
  (  46) dim  0 offset 138
  (  47) dim  0 offset 141
  (  48) dim  0 offset 144
  (  49) dim  0 offset 147
  (  50) dim  0 offset 150
  (  51) dim  0 offset 153
  (  52) dim  0 offset 156
  (  53) dim  0 offset 159
  (  54) dim  0 offset 162
  (  55) dim  0 offset 165
  (  56) dim  0 offset 168
  (  57) dim  0 offset 171
  (  58) dim  0 offset 174
  (  59) dim  0 offset 177
  (  60) dim  0 offset 180
  (  61) dim  0 offset 183
  (  62) dim  0 offset 186
  (  63) dim  0 offset 189
  (  64) dim  2 offset 192
  (  65) dim  2 offset 195
  (  66) dim  2 offset 198
  (  67) dim  2 offset 201
  (  68) dim  2 offset 204
  (  69) dim  2 offset 207
  (  70) dim  2 offset 210
  (  71) dim  2 offset 213
  (  72) dim  2 offset 216
  (  73) dim  2 offset 219
  (  74) dim  2 offset 222
  (  75) dim  2 offset 225
  (  76) dim  2 offset 228
  (  77) dim  2 offset 231
  (  78) dim  2 offset 234
  (  79) dim  2 offset 237
  (  80) dim  2 offset 240
  (  81) dim  2 offset 243
  (  82) dim  2 offset 246
  (  83) dim  2 offset 249
  (  84) dim  2 offset 252
  (  85) dim  2 offset 255
  (  86) dim  2 offset 258
  (  87) dim  2 offset 261
  (  88) dim  2 offset 264
  (  89) dim  2 offset 267
  (  90) dim  2 offset 270
  (  91) dim  2 offset 273
  (  92) dim  2 offset 276
  (  93) dim  2 offset 279
  (  94) dim  2 offset 282
  (  95) dim  2 offset 285
  (  96) dim  2 offset 288
  (  97) dim  2 offset 291
  (  98) dim  2 offset 294
  (  99) dim  2 offset 297
  ( 100) dim  2 offset 300
  ( 101) dim  2 offset 303
  ( 102) dim  2 offset 306
  ( 103) dim  2 offset 309
  ( 104) dim  2 offset 312
  ( 105) dim  2 offset 315
  ( 106) dim  2 offset 318
  ( 107) dim  2 offset 321
  ( 108) dim  2 offset 324
  ( 109) dim  2 offset 327
  ( 110) dim  2 offset 330
  ( 111) dim  2 offset 333
  ( 112) dim  2 offset 336
  ( 113) dim  2 offset 339
  ( 114) dim  2 offset 342
  ( 115) dim  2 offset 345
  ( 116) dim  2 offset 348
  ( 117) dim  2 offset 351
  ( 118) dim  0 offset 354
  ( 119) dim  0 offset 354
  ( 120) dim  0 offset 354
  ( 121) dim  0 offset 354
  ( 122) dim  0 offset 354
  ( 123) dim  0 offset 354
  ( 124) dim  0 offset 354
  ( 125) dim  0 offset 354
  ( 126) dim  0 offset 354
  ( 127) dim  0 offset 354
  ( 128) dim  0 offset 354
  ( 129) dim  0 offset 354
  ( 130) dim  0 offset 354
  ( 131) dim  0 offset 354
  ( 132) dim  0 offset 354
  ( 133) dim  0 offset 354
  ( 134) dim  0 offset 354
  ( 135) dim  0 offset 354
  ( 136) dim  0 offset 354
  ( 137) dim  0 offset 354
  ( 138) dim  0 offset 354
  ( 139) dim  0 offset 354
  ( 140) dim  0 offset 354
  ( 141) dim  0 offset 354
  ( 142) dim  0 offset 354
  ( 143) dim  0 offset 354
  ( 144) dim  0 offset 354
  ( 145) dim  0 offset 354
  ( 146) dim  0 offset 354
  ( 147) dim  0 offset 354
  ( 148) dim  0 offset 354
  ( 149) dim  0 offset 354
  ( 150) dim  0 offset 354
  ( 151) dim  0 offset 354
  ( 152) dim  0 offset 354
  ( 153) dim  0 offset 354
  ( 154) dim  0 offset 354
  ( 155) dim  0 offset 354
  ( 156) dim  0 offset 354
  ( 157) dim  0 offset 354
  ( 158) dim  0 offset 354
  ( 159) dim  0 offset 354
  ( 160) dim  0 offset 354
  ( 161) dim  0 offset 354
  ( 162) dim  0 offset 354
  ( 163) dim  0 offset 354
  ( 164) dim  0 offset 354
  ( 165) dim  0 offset 354
  ( 166) dim  0 offset 354
  ( 167) dim  0 offset 354
  ( 168) dim  0 offset 354
  ( 169) dim  0 offset 354
  ( 170) dim  0 offset 354
  ( 171) dim  0 offset 354
  ( 172) dim  0 offset 354
  ( 173) dim  0 offset 354
  ( 174) dim  0 offset 354
  ( 175) dim  0 offset 354
  ( 176) dim  0 offset 354
  ( 177) dim  0 offset 354
  ( 178) dim  0 offset 354
  ( 179) dim  0 offset 354
  ( 180) dim  0 offset 354
  ( 181) dim  0 offset 354
  ( 182) dim  0 offset 354
  ( 183) dim  0 offset 354
  ( 184) dim  0 offset 354
  ( 185) dim  0 offset 354
  ( 186) dim  0 offset 354
  ( 187) dim  0 offset 354
  ( 188) dim  0 offset 354
  ( 189) dim  0 offset 354
  ( 190) dim  0 offset 354
  ( 191) dim  0 offset 354
  ( 192) dim  0 offset 354
  ( 193) dim  0 offset 354
  ( 194) dim  0 offset 354
  ( 195) dim  0 offset 354
  ( 196) dim  0 offset 354
  ( 197) dim  0 offset 354
  ( 198) dim  0 offset 354
  ( 199) dim  0 offset 354
  ( 200) dim  0 offset 354
  ( 201) dim  0 offset 354
  ( 202) dim  0 offset 354
  ( 203) dim  0 offset 354
  ( 204) dim  0 offset 354
  ( 205) dim  0 offset 354
  ( 206) dim  0 offset 354
  ( 207) dim  0 offset 354
  ( 208) dim  0 offset 354
  ( 209) dim  0 offset 354
  ( 210) dim  0 offset 354
  ( 211) dim  0 offset 354
  ( 212) dim  0 offset 354
  ( 213) dim  0 offset 354
  ( 214) dim  0 offset 354
  ( 215) dim  0 offset 354
  ( 216) dim  0 offset 354
  ( 217) dim  0 offset 354
  ( 218) dim  0 offset 354
  ( 219) dim  0 offset 354
  ( 220) dim  0 offset 354
  ( 221) dim  0 offset 354
  ( 222) dim  0 offset 354
  ( 223) dim  0 offset 354
  ( 224) dim  0 offset 354
  ( 225) dim  0 offset 354
  ( 226) dim  0 offset 354
  ( 227) dim  0 offset 354
  ( 228) dim  0 offset 354
  ( 229) dim  0 offset 354
  ( 230) dim  0 offset 354
  ( 231) dim  0 offset 354
  ( 232) dim  0 offset 354
  ( 233) dim  0 offset 354
  ( 234) dim  0 offset 354
  field 1 with 3 components
Process 0:
  (   0) dim  3 offset   0
  (   1) dim  3 offset   3
  (   2) dim  3 offset   6
  (   3) dim  3 offset   9
  (   4) dim  3 offset  12
  (   5) dim  3 offset  15
  (   6) dim  3 offset  18
  (   7) dim  3 offset  21
  (   8) dim  3 offset  24
  (   9) dim  3 offset  27
  (  10) dim  3 offset  30
  (  11) dim  3 offset  33
  (  12) dim  3 offset  36
  (  13) dim  3 offset  39
  (  14) dim  3 offset  42
  (  15) dim  3 offset  45
  (  16) dim  3 offset  48
  (  17) dim  3 offset  51
  (  18) dim  3 offset  54
  (  19) dim  3 offset  57
  (  20) dim  3 offset  60
  (  21) dim  3 offset  63
  (  22) dim  3 offset  66
  (  23) dim  3 offset  69
  (  24) dim  3 offset  72
  (  25) dim  3 offset  75
  (  26) dim  3 offset  78
  (  27) dim  3 offset  81
  (  28) dim  3 offset  84
  (  29) dim  3 offset  87
  (  30) dim  3 offset  90
  (  31) dim  3 offset  93
  (  32) dim  3 offset  96
  (  33) dim  3 offset  99
  (  34) dim  3 offset 102
  (  35) dim  3 offset 105
  (  36) dim  3 offset 108
  (  37) dim  3 offset 111
  (  38) dim  3 offset 114
  (  39) dim  3 offset 117
  (  40) dim  3 offset 120
  (  41) dim  3 offset 123
  (  42) dim  3 offset 126
  (  43) dim  3 offset 129
  (  44) dim  3 offset 132
  (  45) dim  3 offset 135
  (  46) dim  3 offset 138
  (  47) dim  3 offset 141
  (  48) dim  3 offset 144
  (  49) dim  3 offset 147
  (  50) dim  3 offset 150
  (  51) dim  3 offset 153
  (  52) dim  3 offset 156
  (  53) dim  3 offset 159
  (  54) dim  3 offset 162
  (  55) dim  3 offset 165
  (  56) dim  3 offset 168
  (  57) dim  3 offset 171
  (  58) dim  3 offset 174
  (  59) dim  3 offset 177
  (  60) dim  3 offset 180
  (  61) dim  3 offset 183
  (  62) dim  3 offset 186
  (  63) dim  3 offset 189
  (  64) dim  0 offset 194
  (  65) dim  0 offset 197
  (  66) dim  0 offset 200
  (  67) dim  0 offset 203
  (  68) dim  0 offset 206
  (  69) dim  0 offset 209
  (  70) dim  0 offset 212
  (  71) dim  0 offset 215
  (  72) dim  0 offset 218
  (  73) dim  0 offset 221
  (  74) dim  0 offset 224
  (  75) dim  0 offset 227
  (  76) dim  0 offset 230
  (  77) dim  0 offset 233
  (  78) dim  0 offset 236
  (  79) dim  0 offset 239
  (  80) dim  0 offset 242
  (  81) dim  0 offset 245
  (  82) dim  0 offset 248
  (  83) dim  0 offset 251
  (  84) dim  0 offset 254
  (  85) dim  0 offset 257
  (  86) dim  0 offset 260
  (  87) dim  0 offset 263
  (  88) dim  0 offset 266
  (  89) dim  0 offset 269
  (  90) dim  0 offset 272
  (  91) dim  0 offset 275
  (  92) dim  0 offset 278
  (  93) dim  0 offset 281
  (  94) dim  0 offset 284
  (  95) dim  0 offset 287
  (  96) dim  0 offset 290
  (  97) dim  0 offset 293
  (  98) dim  0 offset 296
  (  99) dim  0 offset 299
  ( 100) dim  0 offset 302
  ( 101) dim  0 offset 305
  ( 102) dim  0 offset 308
  ( 103) dim  0 offset 311
  ( 104) dim  0 offset 314
  ( 105) dim  0 offset 317
  ( 106) dim  0 offset 320
  ( 107) dim  0 offset 323
  ( 108) dim  0 offset 326
  ( 109) dim  0 offset 329
  ( 110) dim  0 offset 332
  ( 111) dim  0 offset 335
  ( 112) dim  0 offset 338
  ( 113) dim  0 offset 341
  ( 114) dim  0 offset 344
  ( 115) dim  0 offset 347
  ( 116) dim  0 offset 350
  ( 117) dim  0 offset 353
  ( 118) dim  0 offset 354
  ( 119) dim  0 offset 354
  ( 120) dim  0 offset 354
  ( 121) dim  0 offset 354
  ( 122) dim  0 offset 354
  ( 123) dim  0 offset 354
  ( 124) dim  0 offset 354
  ( 125) dim  0 offset 354
  ( 126) dim  0 offset 354
  ( 127) dim  0 offset 354
  ( 128) dim  0 offset 354
  ( 129) dim  0 offset 354
  ( 130) dim  0 offset 354
  ( 131) dim  0 offset 354
  ( 132) dim  0 offset 354
  ( 133) dim  0 offset 354
  ( 134) dim  0 offset 354
  ( 135) dim  0 offset 354
  ( 136) dim  0 offset 354
  ( 137) dim  0 offset 354
  ( 138) dim  0 offset 354
  ( 139) dim  0 offset 354
  ( 140) dim  0 offset 354
  ( 141) dim  0 offset 354
  ( 142) dim  0 offset 354
  ( 143) dim  0 offset 354
  ( 144) dim  0 offset 354
  ( 145) dim  0 offset 354
  ( 146) dim  0 offset 354
  ( 147) dim  0 offset 354
  ( 148) dim  0 offset 354
  ( 149) dim  0 offset 354
  ( 150) dim  0 offset 354
  ( 151) dim  0 offset 354
  ( 152) dim  0 offset 354
  ( 153) dim  0 offset 354
  ( 154) dim  0 offset 354
  ( 155) dim  0 offset 354
  ( 156) dim  0 offset 354
  ( 157) dim  0 offset 354
  ( 158) dim  0 offset 354
  ( 159) dim  0 offset 354
  ( 160) dim  0 offset 354
  ( 161) dim  0 offset 354
  ( 162) dim  0 offset 354
  ( 163) dim  0 offset 354
  ( 164) dim  0 offset 354
  ( 165) dim  0 offset 354
  ( 166) dim  0 offset 354
  ( 167) dim  0 offset 354
  ( 168) dim  0 offset 354
  ( 169) dim  0 offset 354
  ( 170) dim  0 offset 354
  ( 171) dim  0 offset 354
  ( 172) dim  0 offset 354
  ( 173) dim  0 offset 354
  ( 174) dim  0 offset 354
  ( 175) dim  0 offset 354
  ( 176) dim  0 offset 354
  ( 177) dim  0 offset 354
  ( 178) dim  0 offset 354
  ( 179) dim  0 offset 354
  ( 180) dim  0 offset 354
  ( 181) dim  0 offset 354
  ( 182) dim  0 offset 354
  ( 183) dim  0 offset 354
  ( 184) dim  0 offset 354
  ( 185) dim  0 offset 354
  ( 186) dim  0 offset 354
  ( 187) dim  0 offset 354
  ( 188) dim  0 offset 354
  ( 189) dim  0 offset 354
  ( 190) dim  0 offset 354
  ( 191) dim  0 offset 354
  ( 192) dim  0 offset 354
  ( 193) dim  0 offset 354
  ( 194) dim  0 offset 354
  ( 195) dim  0 offset 354
  ( 196) dim  0 offset 354
  ( 197) dim  0 offset 354
  ( 198) dim  0 offset 354
  ( 199) dim  0 offset 354
  ( 200) dim  0 offset 354
  ( 201) dim  0 offset 354
  ( 202) dim  0 offset 354
  ( 203) dim  0 offset 354
  ( 204) dim  0 offset 354
  ( 205) dim  0 offset 354
  ( 206) dim  0 offset 354
  ( 207) dim  0 offset 354
  ( 208) dim  0 offset 354
  ( 209) dim  0 offset 354
  ( 210) dim  0 offset 354
  ( 211) dim  0 offset 354
  ( 212) dim  0 offset 354
  ( 213) dim  0 offset 354
  ( 214) dim  0 offset 354
  ( 215) dim  0 offset 354
  ( 216) dim  0 offset 354
  ( 217) dim  0 offset 354
  ( 218) dim  0 offset 354
  ( 219) dim  0 offset 354
  ( 220) dim  0 offset 354
  ( 221) dim  0 offset 354
  ( 222) dim  0 offset 354
  ( 223) dim  0 offset 354
  ( 224) dim  0 offset 354
  ( 225) dim  0 offset 354
  ( 226) dim  0 offset 354
  ( 227) dim  0 offset 354
  ( 228) dim  0 offset 354
  ( 229) dim  0 offset 354
  ( 230) dim  0 offset 354
  ( 231) dim  0 offset 354
  ( 232) dim  0 offset 354
  ( 233) dim  0 offset 354
  ( 234) dim  0 offset 354
  field 2 with 1 components
Process 0:
  (   0) dim  0 offset   3
  (   1) dim  0 offset   6
  (   2) dim  0 offset   9
  (   3) dim  0 offset  12
  (   4) dim  0 offset  15
  (   5) dim  0 offset  18
  (   6) dim  0 offset  21
  (   7) dim  0 offset  24
  (   8) dim  0 offset  27
  (   9) dim  0 offset  30
  (  10) dim  0 offset  33
  (  11) dim  0 offset  36
  (  12) dim  0 offset  39
  (  13) dim  0 offset  42
  (  14) dim  0 offset  45
  (  15) dim  0 offset  48
  (  16) dim  0 offset  51
  (  17) dim  0 offset  54
  (  18) dim  0 offset  57
  (  19) dim  0 offset  60
  (  20) dim  0 offset  63
  (  21) dim  0 offset  66
  (  22) dim  0 offset  69
  (  23) dim  0 offset  72
  (  24) dim  0 offset  75
  (  25) dim  0 offset  78
  (  26) dim  0 offset  81
  (  27) dim  0 offset  84
  (  28) dim  0 offset  87
  (  29) dim  0 offset  90
  (  30) dim  0 offset  93
  (  31) dim  0 offset  96
  (  32) dim  0 offset  99
  (  33) dim  0 offset 102
  (  34) dim  0 offset 105
  (  35) dim  0 offset 108
  (  36) dim  0 offset 111
  (  37) dim  0 offset 114
  (  38) dim  0 offset 117
  (  39) dim  0 offset 120
  (  40) dim  0 offset 123
  (  41) dim  0 offset 126
  (  42) dim  0 offset 129
  (  43) dim  0 offset 132
  (  44) dim  0 offset 135
  (  45) dim  0 offset 138
  (  46) dim  0 offset 141
  (  47) dim  0 offset 144
  (  48) dim  0 offset 147
  (  49) dim  0 offset 150
  (  50) dim  0 offset 153
  (  51) dim  0 offset 156
  (  52) dim  0 offset 159
  (  53) dim  0 offset 162
  (  54) dim  0 offset 165
  (  55) dim  0 offset 168
  (  56) dim  0 offset 171
  (  57) dim  0 offset 174
  (  58) dim  0 offset 177
  (  59) dim  0 offset 180
  (  60) dim  0 offset 183
  (  61) dim  0 offset 186
  (  62) dim  0 offset 189
  (  63) dim  0 offset 192
  (  64) dim  1 offset 194
  (  65) dim  1 offset 197
  (  66) dim  1 offset 200
  (  67) dim  1 offset 203
  (  68) dim  1 offset 206
  (  69) dim  1 offset 209
  (  70) dim  1 offset 212
  (  71) dim  1 offset 215
  (  72) dim  1 offset 218
  (  73) dim  1 offset 221
  (  74) dim  1 offset 224
  (  75) dim  1 offset 227
  (  76) dim  1 offset 230
  (  77) dim  1 offset 233
  (  78) dim  1 offset 236
  (  79) dim  1 offset 239
  (  80) dim  1 offset 242
  (  81) dim  1 offset 245
  (  82) dim  1 offset 248
  (  83) dim  1 offset 251
  (  84) dim  1 offset 254
  (  85) dim  1 offset 257
  (  86) dim  1 offset 260
  (  87) dim  1 offset 263
  (  88) dim  1 offset 266
  (  89) dim  1 offset 269
  (  90) dim  1 offset 272
  (  91) dim  1 offset 275
  (  92) dim  1 offset 278
  (  93) dim  1 offset 281
  (  94) dim  1 offset 284
  (  95) dim  1 offset 287
  (  96) dim  1 offset 290
  (  97) dim  1 offset 293
  (  98) dim  1 offset 296
  (  99) dim  1 offset 299
  ( 100) dim  1 offset 302
  ( 101) dim  1 offset 305
  ( 102) dim  1 offset 308
  ( 103) dim  1 offset 311
  ( 104) dim  1 offset 314
  ( 105) dim  1 offset 317
  ( 106) dim  1 offset 320
  ( 107) dim  1 offset 323
  ( 108) dim  1 offset 326
  ( 109) dim  1 offset 329
  ( 110) dim  1 offset 332
  ( 111) dim  1 offset 335
  ( 112) dim  1 offset 338
  ( 113) dim  1 offset 341
  ( 114) dim  1 offset 344
  ( 115) dim  1 offset 347
  ( 116) dim  1 offset 350
  ( 117) dim  1 offset 353
  ( 118) dim  0 offset 354
  ( 119) dim  0 offset 354
  ( 120) dim  0 offset 354
  ( 121) dim  0 offset 354
  ( 122) dim  0 offset 354
  ( 123) dim  0 offset 354
  ( 124) dim  0 offset 354
  ( 125) dim  0 offset 354
  ( 126) dim  0 offset 354
  ( 127) dim  0 offset 354
  ( 128) dim  0 offset 354
  ( 129) dim  0 offset 354
  ( 130) dim  0 offset 354
  ( 131) dim  0 offset 354
  ( 132) dim  0 offset 354
  ( 133) dim  0 offset 354
  ( 134) dim  0 offset 354
  ( 135) dim  0 offset 354
  ( 136) dim  0 offset 354
  ( 137) dim  0 offset 354
  ( 138) dim  0 offset 354
  ( 139) dim  0 offset 354
  ( 140) dim  0 offset 354
  ( 141) dim  0 offset 354
  ( 142) dim  0 offset 354
  ( 143) dim  0 offset 354
  ( 144) dim  0 offset 354
  ( 145) dim  0 offset 354
  ( 146) dim  0 offset 354
  ( 147) dim  0 offset 354
  ( 148) dim  0 offset 354
  ( 149) dim  0 offset 354
  ( 150) dim  0 offset 354
  ( 151) dim  0 offset 354
  ( 152) dim  0 offset 354
  ( 153) dim  0 offset 354
  ( 154) dim  0 offset 354
  ( 155) dim  0 offset 354
  ( 156) dim  0 offset 354
  ( 157) dim  0 offset 354
  ( 158) dim  0 offset 354
  ( 159) dim  0 offset 354
  ( 160) dim  0 offset 354
  ( 161) dim  0 offset 354
  ( 162) dim  0 offset 354
  ( 163) dim  0 offset 354
  ( 164) dim  0 offset 354
  ( 165) dim  0 offset 354
  ( 166) dim  0 offset 354
  ( 167) dim  0 offset 354
  ( 168) dim  0 offset 354
  ( 169) dim  0 offset 354
  ( 170) dim  0 offset 354
  ( 171) dim  0 offset 354
  ( 172) dim  0 offset 354
  ( 173) dim  0 offset 354
  ( 174) dim  0 offset 354
  ( 175) dim  0 offset 354
  ( 176) dim  0 offset 354
  ( 177) dim  0 offset 354
  ( 178) dim  0 offset 354
  ( 179) dim  0 offset 354
  ( 180) dim  0 offset 354
  ( 181) dim  0 offset 354
  ( 182) dim  0 offset 354
  ( 183) dim  0 offset 354
  ( 184) dim  0 offset 354
  ( 185) dim  0 offset 354
  ( 186) dim  0 offset 354
  ( 187) dim  0 offset 354
  ( 188) dim  0 offset 354
  ( 189) dim  0 offset 354
  ( 190) dim  0 offset 354
  ( 191) dim  0 offset 354
  ( 192) dim  0 offset 354
  ( 193) dim  0 offset 354
  ( 194) dim  0 offset 354
  ( 195) dim  0 offset 354
  ( 196) dim  0 offset 354
  ( 197) dim  0 offset 354
  ( 198) dim  0 offset 354
  ( 199) dim  0 offset 354
  ( 200) dim  0 offset 354
  ( 201) dim  0 offset 354
  ( 202) dim  0 offset 354
  ( 203) dim  0 offset 354
  ( 204) dim  0 offset 354
  ( 205) dim  0 offset 354
  ( 206) dim  0 offset 354
  ( 207) dim  0 offset 354
  ( 208) dim  0 offset 354
  ( 209) dim  0 offset 354
  ( 210) dim  0 offset 354
  ( 211) dim  0 offset 354
  ( 212) dim  0 offset 354
  ( 213) dim  0 offset 354
  ( 214) dim  0 offset 354
  ( 215) dim  0 offset 354
  ( 216) dim  0 offset 354
  ( 217) dim  0 offset 354
  ( 218) dim  0 offset 354
  ( 219) dim  0 offset 354
  ( 220) dim  0 offset 354
  ( 221) dim  0 offset 354
  ( 222) dim  0 offset 354
  ( 223) dim  0 offset 354
  ( 224) dim  0 offset 354
  ( 225) dim  0 offset 354
  ( 226) dim  0 offset 354
  ( 227) dim  0 offset 354
  ( 228) dim  0 offset 354
  ( 229) dim  0 offset 354
  ( 230) dim  0 offset 354
  ( 231) dim  0 offset 354
  ( 232) dim  0 offset 354
  ( 233) dim  0 offset 354
  ( 234) dim  0 offset 354
