DM Object: Tensor Product Mesh 2 MPI processes
  type: plex
Tensor Product Mesh in 3 dimensions:
  0-cells: 125 0
  1-cells: 300 0
  2-cells: 240 0
  3-cells: 64 0
Labels:
  celltype: 4 strata with value/size (0 (125), 1 (300), 4 (240), 7 (64))
  depth: 4 strata with value/size (0 (125), 1 (300), 2 (240), 3 (64))
  marker: 1 strata with value/size (1 (378))
  Face Sets: 6 strata with value/size (1 (49), 2 (49), 3 (49), 4 (49), 5 (49), 6 (49))
DM Object: Parallel Mesh 2 MPI processes
  type: plex
Parallel Mesh in 3 dimensions:
  0-cells: 75 75
  1-cells: 170 170
  2-cells: 128 128
  3-cells: 32 32
Labels:
  depth: 4 strata with value/size (0 (75), 1 (170), 2 (128), 3 (32))
  celltype: 4 strata with value/size (0 (75), 1 (170), 4 (128), 7 (32))
  marker: 1 strata with value/size (1 (205))
  Face Sets: 5 strata with value/size (1 (49), 3 (28), 4 (28), 5 (28), 6 (28))
