L2 Norm of the Divergence Error is: 1.199e-12
 H(div) elements working correctly: true
