[0] MatSetValues_MPIAIJ(): Skipping of insertion of new nonzero location in off-diagonal portion of matrix 2.(0,2)
