
Matrix square root, n = 19 (Fortran)
FN Object: 1 MPI processes
  type: sqrt
    Square root: +2*sqrt(+0.13*x)
 f(2.2) = 1.06958
f'(2.2) = 0.24309
 ||S*S-A||_F < 100*eps
