DM Object: Mesh 1 MPI processes
  type: plex
Mesh in 3 dimensions:
  0-cells: 27
  1-cells: 98
  2-cells: 120
  3-cells: 48
Labels:
  celltype: 4 strata with value/size (0 (27), 6 (48), 3 (120), 1 (98))
  depth: 4 strata with value/size (0 (27), 1 (98), 2 (120), 3 (48))
DM Object: Particles 1 MPI processes
  type: swarm
DMSwarmDataBucketView: 
  L                  = 48 
  buffer             = 0 
  allocated          = 48 
  nfields registered = 5 
                            blocksize        = 1 
                            blocksize        = 1 
                            blocksize        = 3 
                            blocksize        = 1 
                            blocksize        = 1 
L2 projection mass:     7.2000000000e+01, x-momentum:     3.9000000000e+01, energy:     7.8750000000e+01.
L2 projection mass:     7.2000000000e+01, x-momentum:     3.9000000000e+01, energy:     7.8750000000e+01.
L2 projection mass:     7.2000000000e+01, x-momentum:     3.9000000000e+01, energy:     7.8750000000e+01.
